INFO 03:19:58.571 Activating extension...
INFO 03:19:58.572 Activating extension...
INFO 03:19:58.573 Loading projects...
INFO 03:20:23.755 Loading project c:\Users\xtoba\Documents\Github\stitch\packages\parser\samples\gm-ghost-seed\Ghost Seed.yyp
INFO 03:20:23.756 Initializing project...
INFO 03:20:23.757 Loading asset files...
INFO 03:20:23.767 Loaded yyp file!
WARN 03:20:23.768 [PARSER] No stitch config found, looking up runtime version
INFO 03:20:23.768 [PARSER] Fetching list of GameMaker releases...
INFO 03:20:23.938 [PARSER] Found 410 releases...
INFO 03:20:23.938 [PARSER] Done looking, found: 2024.14.4.268
INFO 03:20:23.939 [PARSER] Looking for runtime 2024.14.4.268
INFO 03:20:24.196 [PARSER] Finding local GameMaker data directories...
INFO 03:20:24.202 [PARSER] Found 2 data directories
INFO 03:20:24.204 [PARSER] Found 28 runtime directories
INFO 03:20:24.256 [PARSER] Found 28 runtimes
INFO 03:20:24.256 [PARSER] Looking for spec files in "c:/ProgramData/GameMakerStudio2/Cache/runtimes/runtime-2024.14.4.268"
INFO 03:20:24.405 [PARSER] Loading spec for module Base
WARN 03:20:24.428 [PARSER] Native function static_get already exists, skipping.
WARN 03:20:24.431 [PARSER] Native function display_get_frequency already exists, skipping.
INFO 03:20:24.431 [PARSER] Loading spec for module operagx
INFO 03:20:24.433 [PARSER] Loaded GML spec in 676ms
DEBUG 03:20:25.785 [PARSER] SYNTAX ERROR Expecting token of type --> Else <-- but found --> 'static' <-- c:/Users/xtoba/Documents/Github/stitch/packages/parser/samples/gm-ghost-seed/scripts/AESnip/AESnip.gml { token: Static, image: "static", at: 73:2 }
INFO 03:20:26.654 [PARSER] Loaded 1043 resources in 2074ms
INFO 03:20:26.655 Resources 1043 loaded files in 2899 ms
INFO 03:20:26.655 [PARSER] Discovering globals...
INFO 03:20:26.779 [PARSER] Discovering symbols...
ERROR 03:20:27.169 [PARSER] ERROR: Invalid type name __scribble_class_element
StitchParserError: Invalid type name __scribble_class_element
    at typeFromIdentifier (c:\Users\xtoba\.vscode\extensions\parser\src\types.feather.ts:60:3)
    at typeFromParsedFeatherString (c:\Users\xtoba\.vscode\extensions\parser\src\types.feather.ts:171:16)
    at typeFromParsedFeatherString (c:\Users\xtoba\.vscode\extensions\parser\src\types.feather.ts:191:14)
    at typeFromFeatherString (c:\Users\xtoba\.vscode\extensions\parser\src\types.feather.ts:41:10)
    at typeFromParsedJsdocs (c:\Users\xtoba\.vscode\extensions\parser\src\types.feather.ts:114:26)
    at GmlSignifierVisitor.PREPARE_JSDOC (c:\Users\xtoba\.vscode\extensions\parser\src\visitor.ts:224:18)
    at GmlSignifierVisitor.jsdocGml (c:\Users\xtoba\.vscode\extensions\parser\src\visitor.ts:297:12)
    at GmlSignifierVisitor.defaultVisit (c:\Users\xtoba\.vscode\node_modules\.pnpm\chevrotain@11.1.0\node_modules\chevrotain\src\parse\cst\cst_visitor.ts:26:28)
    at GmlSignifierVisitor.defaultVisit (c:\Users\xtoba\.vscode\node_modules\.pnpm\chevrotain@11.1.0\node_modules\chevrotain\src\parse\cst\cst_visitor.ts:26:28)
    at GmlSignifierVisitor.defaultVisit (c:\Users\xtoba\.vscode\node_modules\.pnpm\chevrotain@11.1.0\node_modules\chevrotain\src\parse\cst\cst_visitor.ts:26:28)
    at GmlSignifierVisitor.visit (c:\Users\xtoba\.vscode\node_modules\.pnpm\chevrotain@11.1.0\node_modules\chevrotain\src\parse\cst\cst_visitor.ts:60:31)
    at GmlSignifierVisitor.visit (c:\Users\xtoba\.vscode\extensions\parser\src\visitor.ts:97:18)
    at GmlSignifierVisitor.visitFunctionExpression (c:\Users\xtoba\.vscode\extensions\parser\src\visitor.functionExpression.ts:232:8)
    at GmlSignifierVisitor.functionExpression (c:\Users\xtoba\.vscode\extensions\parser\src\visitor.ts:361:36)
    at assignVariable (c:\Users\xtoba\.vscode\extensions\parser\src\visitor.assign.ts:109:15)
    at GmlSignifierVisitor.variableAssignment (c:\Users\xtoba\.vscode\extensions\parser\src\visitor.ts:478:12)
    at GmlSignifierVisitor.defaultVisit (c:\Users\xtoba\.vscode\node_modules\.pnpm\chevrotain@11.1.0\node_modules\chevrotain\src\parse\cst\cst_visitor.ts:26:28)
    at GmlSignifierVisitor.defaultVisit (c:\Users\xtoba\.vscode\node_modules\.pnpm\chevrotain@11.1.0\node_modules\chevrotain\src\parse\cst\cst_visitor.ts:26:28)
    at GmlSignifierVisitor.defaultVisit (c:\Users\xtoba\.vscode\node_modules\.pnpm\chevrotain@11.1.0\node_modules\chevrotain\src\parse\cst\cst_visitor.ts:26:28)
    at GmlSignifierVisitor.defaultVisit (c:\Users\xtoba\.vscode\node_modules\.pnpm\chevrotain@11.1.0\node_modules\chevrotain\src\parse\cst\cst_visitor.ts:26:28)
    at GmlSignifierVisitor.visit (c:\Users\xtoba\.vscode\node_modules\.pnpm\chevrotain@11.1.0\node_modules\chevrotain\src\parse\cst\cst_visitor.ts:60:31)
    at GmlSignifierVisitor.visit (c:\Users\xtoba\.vscode\extensions\parser\src\visitor.ts:97:18)
    at GmlSignifierVisitor.UPDATE_SIGNIFIERS (c:\Users\xtoba\.vscode\extensions\parser\src\visitor.ts:91:10)
    at registerSignifiers (c:\Users\xtoba\.vscode\extensions\parser\src\visitor.ts:61:13)
    at Code.updateAllSymbols (c:\Users\xtoba\.vscode\extensions\parser\src\project.code.ts:663:5)
    at Asset.updateAllSymbols (c:\Users\xtoba\.vscode\extensions\parser\src\project.asset.ts:665:11)
    at _GameMakerProject.initiallyParseAssetCode (c:\Users\xtoba\.vscode\extensions\parser\src\project.ts:1366:13)
    at _GameMakerProject.initialize (c:\Users\xtoba\.vscode\extensions\parser\src\project.ts:1421:16)
    at GameMakerProject.from (c:\Users\xtoba\.vscode\extensions\bscotch.bscotch-stitch-vscode-1.81.0\src\extension.project.mts:225:5)
    at c:\Users\xtoba\.vscode\extensions\bscotch.bscotch-stitch-vscode-1.81.0\src\extension.workspace.mts:94:19
ERROR 03:20:27.170 [PARSER] ERROR: Error identifying locals in c:/Users/xtoba/Documents/Github/stitch/packages/parser/samples/gm-ghost-seed/objects/ui_combat_manager/Create_0.gml
StitchParserError: Error identifying locals in c:/Users/xtoba/Documents/Github/stitch/packages/parser/samples/gm-ghost-seed/objects/ui_combat_manager/Create_0.gml
    at registerSignifiers (c:\Users\xtoba\.vscode\extensions\parser\src\visitor.ts:63:17)
    at Code.updateAllSymbols (c:\Users\xtoba\.vscode\extensions\parser\src\project.code.ts:663:5)
    at Asset.updateAllSymbols (c:\Users\xtoba\.vscode\extensions\parser\src\project.asset.ts:665:11)
    at _GameMakerProject.initiallyParseAssetCode (c:\Users\xtoba\.vscode\extensions\parser\src\project.ts:1366:13)
    at _GameMakerProject.initialize (c:\Users\xtoba\.vscode\extensions\parser\src\project.ts:1421:16)
    at GameMakerProject.from (c:\Users\xtoba\.vscode\extensions\bscotch.bscotch-stitch-vscode-1.81.0\src\extension.project.mts:225:5)
    at c:\Users\xtoba\.vscode\extensions\bscotch.bscotch-stitch-vscode-1.81.0\src\extension.workspace.mts:94:19
  CAUSE: Invalid type name __scribble_class_element
  StitchParserError: Invalid type name __scribble_class_element
      at typeFromIdentifier (c:\Users\xtoba\.vscode\extensions\parser\src\types.feather.ts:60:3)
      at typeFromParsedFeatherString (c:\Users\xtoba\.vscode\extensions\parser\src\types.feather.ts:171:16)
      at typeFromParsedFeatherString (c:\Users\xtoba\.vscode\extensions\parser\src\types.feather.ts:191:14)
      at typeFromFeatherString (c:\Users\xtoba\.vscode\extensions\parser\src\types.feather.ts:41:10)
      at typeFromParsedJsdocs (c:\Users\xtoba\.vscode\extensions\parser\src\types.feather.ts:114:26)
      at GmlSignifierVisitor.PREPARE_JSDOC (c:\Users\xtoba\.vscode\extensions\parser\src\visitor.ts:224:18)
      at GmlSignifierVisitor.jsdocGml (c:\Users\xtoba\.vscode\extensions\parser\src\visitor.ts:297:12)
      at GmlSignifierVisitor.defaultVisit (c:\Users\xtoba\.vscode\node_modules\.pnpm\chevrotain@11.1.0\node_modules\chevrotain\src\parse\cst\cst_visitor.ts:26:28)
      at GmlSignifierVisitor.defaultVisit (c:\Users\xtoba\.vscode\node_modules\.pnpm\chevrotain@11.1.0\node_modules\chevrotain\src\parse\cst\cst_visitor.ts:26:28)
      at GmlSignifierVisitor.defaultVisit (c:\Users\xtoba\.vscode\node_modules\.pnpm\chevrotain@11.1.0\node_modules\chevrotain\src\parse\cst\cst_visitor.ts:26:28)
      at GmlSignifierVisitor.visit (c:\Users\xtoba\.vscode\node_modules\.pnpm\chevrotain@11.1.0\node_modules\chevrotain\src\parse\cst\cst_visitor.ts:60:31)
      at GmlSignifierVisitor.visit (c:\Users\xtoba\.vscode\extensions\parser\src\visitor.ts:97:18)
      at GmlSignifierVisitor.visitFunctionExpression (c:\Users\xtoba\.vscode\extensions\parser\src\visitor.functionExpression.ts:232:8)
      at GmlSignifierVisitor.functionExpression (c:\Users\xtoba\.vscode\extensions\parser\src\visitor.ts:361:36)
      at assignVariable (c:\Users\xtoba\.vscode\extensions\parser\src\visitor.assign.ts:109:15)
      at GmlSignifierVisitor.variableAssignment (c:\Users\xtoba\.vscode\extensions\parser\src\visitor.ts:478:12)
      at GmlSignifierVisitor.defaultVisit (c:\Users\xtoba\.vscode\node_modules\.pnpm\chevrotain@11.1.0\node_modules\chevrotain\src\parse\cst\cst_visitor.ts:26:28)
      at GmlSignifierVisitor.defaultVisit (c:\Users\xtoba\.vscode\node_modules\.pnpm\chevrotain@11.1.0\node_modules\chevrotain\src\parse\cst\cst_visitor.ts:26:28)
      at GmlSignifierVisitor.defaultVisit (c:\Users\xtoba\.vscode\node_modules\.pnpm\chevrotain@11.1.0\node_modules\chevrotain\src\parse\cst\cst_visitor.ts:26:28)
      at GmlSignifierVisitor.defaultVisit (c:\Users\xtoba\.vscode\node_modules\.pnpm\chevrotain@11.1.0\node_modules\chevrotain\src\parse\cst\cst_visitor.ts:26:28)
      at GmlSignifierVisitor.visit (c:\Users\xtoba\.vscode\node_modules\.pnpm\chevrotain@11.1.0\node_modules\chevrotain\src\parse\cst\cst_visitor.ts:60:31)
      at GmlSignifierVisitor.visit (c:\Users\xtoba\.vscode\extensions\parser\src\visitor.ts:97:18)
      at GmlSignifierVisitor.UPDATE_SIGNIFIERS (c:\Users\xtoba\.vscode\extensions\parser\src\visitor.ts:91:10)
      at registerSignifiers (c:\Users\xtoba\.vscode\extensions\parser\src\visitor.ts:61:13)
      at Code.updateAllSymbols (c:\Users\xtoba\.vscode\extensions\parser\src\project.code.ts:663:5)
      at Asset.updateAllSymbols (c:\Users\xtoba\.vscode\extensions\parser\src\project.asset.ts:665:11)
      at _GameMakerProject.initiallyParseAssetCode (c:\Users\xtoba\.vscode\extensions\parser\src\project.ts:1366:13)
      at _GameMakerProject.initialize (c:\Users\xtoba\.vscode\extensions\parser\src\project.ts:1421:16)
      at GameMakerProject.from (c:\Users\xtoba\.vscode\extensions\bscotch.bscotch-stitch-vscode-1.81.0\src\extension.project.mts:225:5)
      at c:\Users\xtoba\.vscode\extensions\bscotch.bscotch-stitch-vscode-1.81.0\src\extension.workspace.mts:94:19
INFO 03:20:27.187 [PARSER] Re-processing pass 1...
ERROR 03:20:27.671 [PARSER] ERROR: Invalid type name __scribble_class_element
StitchParserError: Invalid type name __scribble_class_element
    at typeFromIdentifier (c:\Users\xtoba\.vscode\extensions\parser\src\types.feather.ts:60:3)
    at typeFromParsedFeatherString (c:\Users\xtoba\.vscode\extensions\parser\src\types.feather.ts:171:16)
    at typeFromParsedFeatherString (c:\Users\xtoba\.vscode\extensions\parser\src\types.feather.ts:191:14)
    at typeFromFeatherString (c:\Users\xtoba\.vscode\extensions\parser\src\types.feather.ts:41:10)
    at typeFromParsedJsdocs (c:\Users\xtoba\.vscode\extensions\parser\src\types.feather.ts:114:26)
    at GmlSignifierVisitor.PREPARE_JSDOC (c:\Users\xtoba\.vscode\extensions\parser\src\visitor.ts:224:18)
    at GmlSignifierVisitor.jsdocGml (c:\Users\xtoba\.vscode\extensions\parser\src\visitor.ts:297:12)
    at GmlSignifierVisitor.defaultVisit (c:\Users\xtoba\.vscode\node_modules\.pnpm\chevrotain@11.1.0\node_modules\chevrotain\src\parse\cst\cst_visitor.ts:26:28)
    at GmlSignifierVisitor.defaultVisit (c:\Users\xtoba\.vscode\node_modules\.pnpm\chevrotain@11.1.0\node_modules\chevrotain\src\parse\cst\cst_visitor.ts:26:28)
    at GmlSignifierVisitor.defaultVisit (c:\Users\xtoba\.vscode\node_modules\.pnpm\chevrotain@11.1.0\node_modules\chevrotain\src\parse\cst\cst_visitor.ts:26:28)
    at GmlSignifierVisitor.visit (c:\Users\xtoba\.vscode\node_modules\.pnpm\chevrotain@11.1.0\node_modules\chevrotain\src\parse\cst\cst_visitor.ts:60:31)
    at GmlSignifierVisitor.visit (c:\Users\xtoba\.vscode\extensions\parser\src\visitor.ts:97:18)
    at GmlSignifierVisitor.visitFunctionExpression (c:\Users\xtoba\.vscode\extensions\parser\src\visitor.functionExpression.ts:232:8)
    at GmlSignifierVisitor.functionExpression (c:\Users\xtoba\.vscode\extensions\parser\src\visitor.ts:361:36)
    at assignVariable (c:\Users\xtoba\.vscode\extensions\parser\src\visitor.assign.ts:109:15)
    at GmlSignifierVisitor.variableAssignment (c:\Users\xtoba\.vscode\extensions\parser\src\visitor.ts:478:12)
    at GmlSignifierVisitor.defaultVisit (c:\Users\xtoba\.vscode\node_modules\.pnpm\chevrotain@11.1.0\node_modules\chevrotain\src\parse\cst\cst_visitor.ts:26:28)
    at GmlSignifierVisitor.defaultVisit (c:\Users\xtoba\.vscode\node_modules\.pnpm\chevrotain@11.1.0\node_modules\chevrotain\src\parse\cst\cst_visitor.ts:26:28)
    at GmlSignifierVisitor.defaultVisit (c:\Users\xtoba\.vscode\node_modules\.pnpm\chevrotain@11.1.0\node_modules\chevrotain\src\parse\cst\cst_visitor.ts:26:28)
    at GmlSignifierVisitor.defaultVisit (c:\Users\xtoba\.vscode\node_modules\.pnpm\chevrotain@11.1.0\node_modules\chevrotain\src\parse\cst\cst_visitor.ts:26:28)
    at GmlSignifierVisitor.visit (c:\Users\xtoba\.vscode\node_modules\.pnpm\chevrotain@11.1.0\node_modules\chevrotain\src\parse\cst\cst_visitor.ts:60:31)
    at GmlSignifierVisitor.visit (c:\Users\xtoba\.vscode\extensions\parser\src\visitor.ts:97:18)
    at GmlSignifierVisitor.UPDATE_SIGNIFIERS (c:\Users\xtoba\.vscode\extensions\parser\src\visitor.ts:91:10)
    at registerSignifiers (c:\Users\xtoba\.vscode\extensions\parser\src\visitor.ts:61:13)
    at Code.updateAllSymbols (c:\Users\xtoba\.vscode\extensions\parser\src\project.code.ts:663:5)
    at Asset.updateAllSymbols (c:\Users\xtoba\.vscode\extensions\parser\src\project.asset.ts:665:11)
    at _GameMakerProject.initiallyParseAssetCode (c:\Users\xtoba\.vscode\extensions\parser\src\project.ts:1375:15)
    at _GameMakerProject.initialize (c:\Users\xtoba\.vscode\extensions\parser\src\project.ts:1421:16)
    at GameMakerProject.from (c:\Users\xtoba\.vscode\extensions\bscotch.bscotch-stitch-vscode-1.81.0\src\extension.project.mts:225:5)
    at c:\Users\xtoba\.vscode\extensions\bscotch.bscotch-stitch-vscode-1.81.0\src\extension.workspace.mts:94:19
ERROR 03:20:27.672 [PARSER] ERROR: Error identifying locals in c:/Users/xtoba/Documents/Github/stitch/packages/parser/samples/gm-ghost-seed/objects/ui_combat_manager/Create_0.gml
StitchParserError: Error identifying locals in c:/Users/xtoba/Documents/Github/stitch/packages/parser/samples/gm-ghost-seed/objects/ui_combat_manager/Create_0.gml
    at registerSignifiers (c:\Users\xtoba\.vscode\extensions\parser\src\visitor.ts:63:17)
    at Code.updateAllSymbols (c:\Users\xtoba\.vscode\extensions\parser\src\project.code.ts:663:5)
    at Asset.updateAllSymbols (c:\Users\xtoba\.vscode\extensions\parser\src\project.asset.ts:665:11)
    at _GameMakerProject.initiallyParseAssetCode (c:\Users\xtoba\.vscode\extensions\parser\src\project.ts:1375:15)
    at _GameMakerProject.initialize (c:\Users\xtoba\.vscode\extensions\parser\src\project.ts:1421:16)
    at GameMakerProject.from (c:\Users\xtoba\.vscode\extensions\bscotch.bscotch-stitch-vscode-1.81.0\src\extension.project.mts:225:5)
    at c:\Users\xtoba\.vscode\extensions\bscotch.bscotch-stitch-vscode-1.81.0\src\extension.workspace.mts:94:19
  CAUSE: Invalid type name __scribble_class_element
  StitchParserError: Invalid type name __scribble_class_element
      at typeFromIdentifier (c:\Users\xtoba\.vscode\extensions\parser\src\types.feather.ts:60:3)
      at typeFromParsedFeatherString (c:\Users\xtoba\.vscode\extensions\parser\src\types.feather.ts:171:16)
      at typeFromParsedFeatherString (c:\Users\xtoba\.vscode\extensions\parser\src\types.feather.ts:191:14)
      at typeFromFeatherString (c:\Users\xtoba\.vscode\extensions\parser\src\types.feather.ts:41:10)
      at typeFromParsedJsdocs (c:\Users\xtoba\.vscode\extensions\parser\src\types.feather.ts:114:26)
      at GmlSignifierVisitor.PREPARE_JSDOC (c:\Users\xtoba\.vscode\extensions\parser\src\visitor.ts:224:18)
      at GmlSignifierVisitor.jsdocGml (c:\Users\xtoba\.vscode\extensions\parser\src\visitor.ts:297:12)
      at GmlSignifierVisitor.defaultVisit (c:\Users\xtoba\.vscode\node_modules\.pnpm\chevrotain@11.1.0\node_modules\chevrotain\src\parse\cst\cst_visitor.ts:26:28)
      at GmlSignifierVisitor.defaultVisit (c:\Users\xtoba\.vscode\node_modules\.pnpm\chevrotain@11.1.0\node_modules\chevrotain\src\parse\cst\cst_visitor.ts:26:28)
      at GmlSignifierVisitor.defaultVisit (c:\Users\xtoba\.vscode\node_modules\.pnpm\chevrotain@11.1.0\node_modules\chevrotain\src\parse\cst\cst_visitor.ts:26:28)
      at GmlSignifierVisitor.visit (c:\Users\xtoba\.vscode\node_modules\.pnpm\chevrotain@11.1.0\node_modules\chevrotain\src\parse\cst\cst_visitor.ts:60:31)
      at GmlSignifierVisitor.visit (c:\Users\xtoba\.vscode\extensions\parser\src\visitor.ts:97:18)
      at GmlSignifierVisitor.visitFunctionExpression (c:\Users\xtoba\.vscode\extensions\parser\src\visitor.functionExpression.ts:232:8)
      at GmlSignifierVisitor.functionExpression (c:\Users\xtoba\.vscode\extensions\parser\src\visitor.ts:361:36)
      at assignVariable (c:\Users\xtoba\.vscode\extensions\parser\src\visitor.assign.ts:109:15)
      at GmlSignifierVisitor.variableAssignment (c:\Users\xtoba\.vscode\extensions\parser\src\visitor.ts:478:12)
      at GmlSignifierVisitor.defaultVisit (c:\Users\xtoba\.vscode\node_modules\.pnpm\chevrotain@11.1.0\node_modules\chevrotain\src\parse\cst\cst_visitor.ts:26:28)
      at GmlSignifierVisitor.defaultVisit (c:\Users\xtoba\.vscode\node_modules\.pnpm\chevrotain@11.1.0\node_modules\chevrotain\src\parse\cst\cst_visitor.ts:26:28)
      at GmlSignifierVisitor.defaultVisit (c:\Users\xtoba\.vscode\node_modules\.pnpm\chevrotain@11.1.0\node_modules\chevrotain\src\parse\cst\cst_visitor.ts:26:28)
      at GmlSignifierVisitor.defaultVisit (c:\Users\xtoba\.vscode\node_modules\.pnpm\chevrotain@11.1.0\node_modules\chevrotain\src\parse\cst\cst_visitor.ts:26:28)
      at GmlSignifierVisitor.visit (c:\Users\xtoba\.vscode\node_modules\.pnpm\chevrotain@11.1.0\node_modules\chevrotain\src\parse\cst\cst_visitor.ts:60:31)
      at GmlSignifierVisitor.visit (c:\Users\xtoba\.vscode\extensions\parser\src\visitor.ts:97:18)
      at GmlSignifierVisitor.UPDATE_SIGNIFIERS (c:\Users\xtoba\.vscode\extensions\parser\src\visitor.ts:91:10)
      at registerSignifiers (c:\Users\xtoba\.vscode\extensions\parser\src\visitor.ts:61:13)
      at Code.updateAllSymbols (c:\Users\xtoba\.vscode\extensions\parser\src\project.code.ts:663:5)
      at Asset.updateAllSymbols (c:\Users\xtoba\.vscode\extensions\parser\src\project.asset.ts:665:11)
      at _GameMakerProject.initiallyParseAssetCode (c:\Users\xtoba\.vscode\extensions\parser\src\project.ts:1375:15)
      at _GameMakerProject.initialize (c:\Users\xtoba\.vscode\extensions\parser\src\project.ts:1421:16)
      at GameMakerProject.from (c:\Users\xtoba\.vscode\extensions\bscotch.bscotch-stitch-vscode-1.81.0\src\extension.project.mts:225:5)
      at c:\Users\xtoba\.vscode\extensions\bscotch.bscotch-stitch-vscode-1.81.0\src\extension.workspace.mts:94:19
INFO 03:20:27.698 [PARSER] Updating diagnostics...
INFO 03:20:27.830 Loaded project in 4.075 seconds
INFO 03:20:27.857 Extension activated in 29.284 seconds
